Verifying alignment of artifacts/RepoRove-0.5.0-preview.apk (4)...
      87 META-INF/com/android/build/gradle/app-metadata.properties (OK - compressed)
     207 META-INF/version-control-info.textproto (OK - compressed)
     388 assets/dexopt/baseline.prof (OK)
    4632 assets/dexopt/baseline.profm (OK)
    5364 classes.dex (OK)
 3964928 lib/arm64-v8a/libandroidx.graphics.path.so (OK)
 3981312 lib/arm64-v8a/libdatastore_shared_counter.so (OK)
 3997696 lib/armeabi-v7a/libandroidx.graphics.path.so (OK)
 4014080 lib/armeabi-v7a/libdatastore_shared_counter.so (OK)
 4030464 lib/x86/libandroidx.graphics.path.so (OK)
 4046848 lib/x86/libdatastore_shared_counter.so (OK)
 4063232 lib/x86_64/libandroidx.graphics.path.so (OK)
 4079616 lib/x86_64/libdatastore_shared_counter.so (OK)
 4085904 assets/catalog/EXPLORE-LICENSE.txt (OK - compressed)
 4091888 assets/catalog/LINGUIST-LICENSE.txt (OK - compressed)
 4092570 assets/catalog/explore.json (OK - compressed)
 4339394 assets/catalog/languages.json (OK - compressed)
 4350504 assets/changelog.json (OK - compressed)
 4352255 DebugProbesKt.bin (OK - compressed)
 4353116 META-INF/androidx.activity_activity-compose.version (OK - compressed)
 4353202 META-INF/androidx.activity_activity-ktx.version (OK - compressed)
 4353284 META-INF/androidx.activity_activity.version (OK - compressed)
 4353383 META-INF/androidx.annotation_annotation-experimental.version (OK - compressed)
 4353476 META-INF/androidx.appcompat_appcompat-resources.version (OK - compressed)
 4353562 META-INF/androidx.arch.core_core-runtime.version (OK - compressed)
 4353696 META-INF/androidx.autofill_autofill.version (OK - compressed)
 4353792 META-INF/androidx.compose.animation_animation-core.version (OK - compressed)
 4353883 META-INF/androidx.compose.animation_animation.version (OK - compressed)
 4353983 META-INF/androidx.compose.foundation_foundation-layout.version (OK - compressed)
 4354076 META-INF/androidx.compose.foundation_foundation.version (OK - compressed)
 4354167 META-INF/androidx.compose.material3_material3.version (OK - compressed)
 4354267 META-INF/androidx.compose.material_material-icons-core.version (OK - compressed)
 4354371 META-INF/androidx.compose.material_material-icons-extended.version (OK - compressed)
 4354467 META-INF/androidx.compose.material_material-ripple.version (OK - compressed)
 4354563 META-INF/androidx.compose.runtime_runtime-saveable.version (OK - compressed)
 4354650 META-INF/androidx.compose.runtime_runtime.version (OK - compressed)
 4354736 META-INF/androidx.compose.ui_ui-geometry.version (OK - compressed)
 4354822 META-INF/androidx.compose.ui_ui-graphics.version (OK - compressed)
 4354904 META-INF/androidx.compose.ui_ui-text.version (OK - compressed)
 4354997 META-INF/androidx.compose.ui_ui-tooling-preview.version (OK - compressed)
 4355079 META-INF/androidx.compose.ui_ui-unit.version (OK - compressed)
 4355161 META-INF/androidx.compose.ui_ui-util.version (OK - compressed)
 4355238 META-INF/androidx.compose.ui_ui.version (OK - compressed)
 4355315 META-INF/androidx.core_core-ktx.version (OK - compressed)
 4355398 META-INF/androidx.core_core-viewtree.version (OK - compressed)
 4355471 META-INF/androidx.core_core.version (OK - compressed)
 4355574 META-INF/androidx.customview_customview-poolingcontainer.version (OK - compressed)
 4355662 META-INF/androidx.datastore_datastore-core.version (OK - compressed)
 4355762 META-INF/androidx.datastore_datastore-preferences-core.version (OK - compressed)
 4355857 META-INF/androidx.datastore_datastore-preferences.version (OK - compressed)
 4355940 META-INF/androidx.datastore_datastore.version (OK - compressed)
 4356017 META-INF/androidx.emoji2_emoji2.version (OK - compressed)
 4356108 META-INF/androidx.exifinterface_exifinterface.version (OK - compressed)
 4356194 META-INF/androidx.graphics_graphics-path.version (OK - compressed)
 4356283 META-INF/androidx.interpolator_interpolator.version (OK - compressed)
 4356380 META-INF/androidx.lifecycle_lifecycle-livedata-core.version (OK - compressed)
 4356471 META-INF/androidx.lifecycle_lifecycle-process.version (OK - compressed)
 4356570 META-INF/androidx.lifecycle_lifecycle-runtime-compose.version (OK - compressed)
 4356665 META-INF/androidx.lifecycle_lifecycle-runtime-ktx.version (OK - compressed)
 4356756 META-INF/androidx.lifecycle_lifecycle-runtime.version (OK - compressed)
 4356857 META-INF/androidx.lifecycle_lifecycle-viewmodel-compose.version (OK - compressed)
 4356954 META-INF/androidx.lifecycle_lifecycle-viewmodel-ktx.version (OK - compressed)
 4357058 META-INF/androidx.lifecycle_lifecycle-viewmodel-savedstate.version (OK - compressed)
 4357151 META-INF/androidx.lifecycle_lifecycle-viewmodel.version (OK - compressed)
 4357243 META-INF/androidx.navigation_navigation-common.version (OK - compressed)
 4357336 META-INF/androidx.navigation_navigation-compose.version (OK - compressed)
 4357429 META-INF/androidx.navigation_navigation-runtime.version (OK - compressed)
 4357526 META-INF/androidx.profileinstaller_profileinstaller.version (OK - compressed)
 4357619 META-INF/androidx.savedstate_savedstate-compose.version (OK - compressed)
 4357708 META-INF/androidx.savedstate_savedstate-ktx.version (OK - compressed)
 4357793 META-INF/androidx.savedstate_savedstate.version (OK - compressed)
 4357880 META-INF/androidx.startup_startup-runtime.version (OK - compressed)
 4357959 META-INF/androidx.tracing_tracing.version (OK - compressed)
 4358061 META-INF/androidx.vectordrawable_vectordrawable-animated.version (OK - compressed)
 4358154 META-INF/androidx.vectordrawable_vectordrawable.version (OK - compressed)
 4358257 META-INF/androidx.versionedparcelable_versionedparcelable.version (OK - compressed)
 4358346 META-INF/androidx/annotation/annotation/LICENSE.txt (OK - compressed)
 4361994 META-INF/androidx/collection/collection-ktx/LICENSE.txt (OK - compressed)
 4365638 META-INF/androidx/collection/collection/LICENSE.txt (OK - compressed)
 4369293 META-INF/androidx/lifecycle/lifecycle-common-java8/LICENSE.txt (OK - compressed)
 4372942 META-INF/androidx/lifecycle/lifecycle-common/LICENSE.txt (OK - compressed)
 4376557 META-INF/jsoup/LICENSE (OK - compressed)
 4377291 META-INF/kotlinx_coroutines_android.version (OK - compressed)
 4377369 META-INF/kotlinx_coroutines_core.version (OK - compressed)
 4377429 META-INF/services/D2.z (OK - compressed)
 4377488 META-INF/services/E2.a (OK - compressed)
 4377565 META-INF/versions/9/OSGI-INF/MANIFEST.MF (OK - compressed)
 4377752 kotlin-tooling-metadata.json (OK - compressed)
 4378110 kotlin/annotation/annotation.kotlin_builtins (OK - compressed)
 4378709 kotlin/collections/collections.kotlin_builtins (OK - compressed)
 4380277 kotlin/concurrent/atomics/atomics.kotlin_builtins (OK - compressed)
 4381371 kotlin/coroutines/coroutines.kotlin_builtins (OK - compressed)
 4381557 kotlin/internal/internal.kotlin_builtins (OK - compressed)
 4381971 kotlin/kotlin.kotlin_builtins (OK - compressed)
 4387166 kotlin/ranges/ranges.kotlin_builtins (OK - compressed)
 4388490 kotlin/reflect/reflect.kotlin_builtins (OK - compressed)
 4389802 okhttp3/internal/publicsuffix/NOTICE (OK - compressed)
 4390028 okhttp3/internal/publicsuffix/publicsuffixes.gz (OK - compressed)
 4431508 org/commonmark/internal/util/entities.txt (OK - compressed)
 4442422 AndroidManifest.xml (OK - compressed)
 4444288 res/2K.9.png (OK)
 4444553 res/4j.xml (OK - compressed)
 4445033 res/4z.xml (OK - compressed)
 4445496 res/5c.png (OK)
 4445674 res/9m.xml (OK - compressed)
 4445896 res/C_.9.png (OK)
 4446151 res/Ce.xml (OK - compressed)
 4446844 res/Ma.9.png (OK)
 4447131 res/N3.xml (OK - compressed)
 4447572 res/Qq.xml (OK - compressed)
 4447942 res/S8.xml (OK - compressed)
 4448476 res/U-.9.png (OK)
 4448739 res/WU.xml (OK - compressed)
 4449200 res/Ws.xml (OK - compressed)
 4449707 res/Xk.xml (OK - compressed)
 4450459 res/_y.xml (OK - compressed)
 4450808 res/a0.xml (OK - compressed)
 4451384 res/bX.xml (OK - compressed)
 4452087 res/c6.xml (OK - compressed)
 4452311 res/cV.xml (OK - compressed)
 4452633 res/color/vector_tint_color.xml (OK - compressed)
 4452880 res/color/vector_tint_theme_color.xml (OK - compressed)
 4453102 res/cr.xml (OK - compressed)
 4453343 res/df.xml (OK - compressed)
 4453644 res/gK.9.png (OK)
 4453899 res/hq.xml (OK - compressed)
 4454272 res/iQ.xml (OK - compressed)
 4454740 res/je.9.png (OK)
 4454992 res/lR.xml (OK - compressed)
 4455291 res/nz.xml (OK - compressed)
 4455592 res/o_.9.png (OK)
 4455892 res/pY.png (OK)
 4456048 res/pu.png (OK)
 4456997 res/r2.xml (OK - compressed)
 4457512 res/s4.png (OK)
 4457660 res/sA.9.png (OK)
 4457920 res/vL.9.png (OK)
 4458192 res/wN.9.png (OK)
 4458457 res/x4.xml (OK - compressed)
 4459231 res/xN.xml (OK - compressed)
 4460064 res/xa.9.png (OK)
 4460336 res/z-.9.png (OK)
 4460608 resources.arsc (OK)
 4884478 META-INF/ANDROIDD.SF (OK - compressed)
 4890992 META-INF/ANDROIDD.RSA (OK - compressed)
 4892059 META-INF/MANIFEST.MF (OK - compressed)
Verification succesful
