Verifying alignment of artifacts/RepoRove-0.3.0-preview.apk (4)...
      87 META-INF/com/android/build/gradle/app-metadata.properties (OK - compressed)
     207 META-INF/version-control-info.textproto (OK - compressed)
     320 assets/dexopt/baseline.prof (OK)
    5572 assets/dexopt/baseline.profm (OK)
    6292 classes.dex (OK)
 3719168 lib/arm64-v8a/libandroidx.graphics.path.so (OK)
 3735552 lib/arm64-v8a/libdatastore_shared_counter.so (OK)
 3751936 lib/armeabi-v7a/libandroidx.graphics.path.so (OK)
 3768320 lib/armeabi-v7a/libdatastore_shared_counter.so (OK)
 3784704 lib/x86/libandroidx.graphics.path.so (OK)
 3801088 lib/x86/libdatastore_shared_counter.so (OK)
 3817472 lib/x86_64/libandroidx.graphics.path.so (OK)
 3833856 lib/x86_64/libdatastore_shared_counter.so (OK)
 3840144 assets/catalog/EXPLORE-LICENSE.txt (OK - compressed)
 3846128 assets/catalog/LINGUIST-LICENSE.txt (OK - compressed)
 3846810 assets/catalog/explore.json (OK - compressed)
 4093634 assets/catalog/languages.json (OK - compressed)
 4104740 DebugProbesKt.bin (OK - compressed)
 4105601 META-INF/androidx.activity_activity-compose.version (OK - compressed)
 4105687 META-INF/androidx.activity_activity-ktx.version (OK - compressed)
 4105769 META-INF/androidx.activity_activity.version (OK - compressed)
 4105868 META-INF/androidx.annotation_annotation-experimental.version (OK - compressed)
 4105961 META-INF/androidx.appcompat_appcompat-resources.version (OK - compressed)
 4106047 META-INF/androidx.arch.core_core-runtime.version (OK - compressed)
 4106181 META-INF/androidx.autofill_autofill.version (OK - compressed)
 4106277 META-INF/androidx.compose.animation_animation-core.version (OK - compressed)
 4106368 META-INF/androidx.compose.animation_animation.version (OK - compressed)
 4106468 META-INF/androidx.compose.foundation_foundation-layout.version (OK - compressed)
 4106561 META-INF/androidx.compose.foundation_foundation.version (OK - compressed)
 4106652 META-INF/androidx.compose.material3_material3.version (OK - compressed)
 4106752 META-INF/androidx.compose.material_material-icons-core.version (OK - compressed)
 4106856 META-INF/androidx.compose.material_material-icons-extended.version (OK - compressed)
 4106952 META-INF/androidx.compose.material_material-ripple.version (OK - compressed)
 4107048 META-INF/androidx.compose.runtime_runtime-saveable.version (OK - compressed)
 4107135 META-INF/androidx.compose.runtime_runtime.version (OK - compressed)
 4107221 META-INF/androidx.compose.ui_ui-geometry.version (OK - compressed)
 4107307 META-INF/androidx.compose.ui_ui-graphics.version (OK - compressed)
 4107389 META-INF/androidx.compose.ui_ui-text.version (OK - compressed)
 4107482 META-INF/androidx.compose.ui_ui-tooling-preview.version (OK - compressed)
 4107564 META-INF/androidx.compose.ui_ui-unit.version (OK - compressed)
 4107646 META-INF/androidx.compose.ui_ui-util.version (OK - compressed)
 4107723 META-INF/androidx.compose.ui_ui.version (OK - compressed)
 4107800 META-INF/androidx.core_core-ktx.version (OK - compressed)
 4107883 META-INF/androidx.core_core-viewtree.version (OK - compressed)
 4107956 META-INF/androidx.core_core.version (OK - compressed)
 4108059 META-INF/androidx.customview_customview-poolingcontainer.version (OK - compressed)
 4108147 META-INF/androidx.datastore_datastore-core.version (OK - compressed)
 4108247 META-INF/androidx.datastore_datastore-preferences-core.version (OK - compressed)
 4108342 META-INF/androidx.datastore_datastore-preferences.version (OK - compressed)
 4108425 META-INF/androidx.datastore_datastore.version (OK - compressed)
 4108502 META-INF/androidx.emoji2_emoji2.version (OK - compressed)
 4108593 META-INF/androidx.exifinterface_exifinterface.version (OK - compressed)
 4108679 META-INF/androidx.graphics_graphics-path.version (OK - compressed)
 4108768 META-INF/androidx.interpolator_interpolator.version (OK - compressed)
 4108865 META-INF/androidx.lifecycle_lifecycle-livedata-core.version (OK - compressed)
 4108956 META-INF/androidx.lifecycle_lifecycle-process.version (OK - compressed)
 4109055 META-INF/androidx.lifecycle_lifecycle-runtime-compose.version (OK - compressed)
 4109150 META-INF/androidx.lifecycle_lifecycle-runtime-ktx.version (OK - compressed)
 4109241 META-INF/androidx.lifecycle_lifecycle-runtime.version (OK - compressed)
 4109342 META-INF/androidx.lifecycle_lifecycle-viewmodel-compose.version (OK - compressed)
 4109439 META-INF/androidx.lifecycle_lifecycle-viewmodel-ktx.version (OK - compressed)
 4109543 META-INF/androidx.lifecycle_lifecycle-viewmodel-savedstate.version (OK - compressed)
 4109636 META-INF/androidx.lifecycle_lifecycle-viewmodel.version (OK - compressed)
 4109728 META-INF/androidx.navigation_navigation-common.version (OK - compressed)
 4109821 META-INF/androidx.navigation_navigation-compose.version (OK - compressed)
 4109914 META-INF/androidx.navigation_navigation-runtime.version (OK - compressed)
 4110011 META-INF/androidx.profileinstaller_profileinstaller.version (OK - compressed)
 4110104 META-INF/androidx.savedstate_savedstate-compose.version (OK - compressed)
 4110193 META-INF/androidx.savedstate_savedstate-ktx.version (OK - compressed)
 4110278 META-INF/androidx.savedstate_savedstate.version (OK - compressed)
 4110365 META-INF/androidx.startup_startup-runtime.version (OK - compressed)
 4110444 META-INF/androidx.tracing_tracing.version (OK - compressed)
 4110546 META-INF/androidx.vectordrawable_vectordrawable-animated.version (OK - compressed)
 4110639 META-INF/androidx.vectordrawable_vectordrawable.version (OK - compressed)
 4110742 META-INF/androidx.versionedparcelable_versionedparcelable.version (OK - compressed)
 4110831 META-INF/androidx/annotation/annotation/LICENSE.txt (OK - compressed)
 4114479 META-INF/androidx/collection/collection-ktx/LICENSE.txt (OK - compressed)
 4118123 META-INF/androidx/collection/collection/LICENSE.txt (OK - compressed)
 4121778 META-INF/androidx/lifecycle/lifecycle-common-java8/LICENSE.txt (OK - compressed)
 4125427 META-INF/androidx/lifecycle/lifecycle-common/LICENSE.txt (OK - compressed)
 4129042 META-INF/jsoup/LICENSE (OK - compressed)
 4129776 META-INF/kotlinx_coroutines_android.version (OK - compressed)
 4129854 META-INF/kotlinx_coroutines_core.version (OK - compressed)
 4129914 META-INF/services/A2.A (OK - compressed)
 4129973 META-INF/services/B2.a (OK - compressed)
 4130050 META-INF/versions/9/OSGI-INF/MANIFEST.MF (OK - compressed)
 4130237 kotlin-tooling-metadata.json (OK - compressed)
 4130595 kotlin/annotation/annotation.kotlin_builtins (OK - compressed)
 4131194 kotlin/collections/collections.kotlin_builtins (OK - compressed)
 4132762 kotlin/concurrent/atomics/atomics.kotlin_builtins (OK - compressed)
 4133856 kotlin/coroutines/coroutines.kotlin_builtins (OK - compressed)
 4134042 kotlin/internal/internal.kotlin_builtins (OK - compressed)
 4134456 kotlin/kotlin.kotlin_builtins (OK - compressed)
 4139651 kotlin/ranges/ranges.kotlin_builtins (OK - compressed)
 4140975 kotlin/reflect/reflect.kotlin_builtins (OK - compressed)
 4142287 okhttp3/internal/publicsuffix/NOTICE (OK - compressed)
 4142513 okhttp3/internal/publicsuffix/publicsuffixes.gz (OK - compressed)
 4183993 org/commonmark/internal/util/entities.txt (OK - compressed)
 4194907 AndroidManifest.xml (OK - compressed)
 4196624 res/2K.9.png (OK)
 4196889 res/4j.xml (OK - compressed)
 4197369 res/4z.xml (OK - compressed)
 4197832 res/5c.png (OK)
 4198010 res/9m.xml (OK - compressed)
 4198232 res/C_.9.png (OK)
 4198487 res/Ce.xml (OK - compressed)
 4199180 res/Ma.9.png (OK)
 4199467 res/N3.xml (OK - compressed)
 4199908 res/Qq.xml (OK - compressed)
 4200278 res/S8.xml (OK - compressed)
 4200812 res/U-.9.png (OK)
 4201075 res/WU.xml (OK - compressed)
 4201536 res/Ws.xml (OK - compressed)
 4202043 res/Xk.xml (OK - compressed)
 4202795 res/_y.xml (OK - compressed)
 4203144 res/a0.xml (OK - compressed)
 4203720 res/bX.xml (OK - compressed)
 4204423 res/c6.xml (OK - compressed)
 4204647 res/cV.xml (OK - compressed)
 4204969 res/color/vector_tint_color.xml (OK - compressed)
 4205216 res/color/vector_tint_theme_color.xml (OK - compressed)
 4205438 res/cr.xml (OK - compressed)
 4205679 res/df.xml (OK - compressed)
 4205980 res/gK.9.png (OK)
 4206235 res/hq.xml (OK - compressed)
 4206608 res/iQ.xml (OK - compressed)
 4207076 res/je.9.png (OK)
 4207328 res/lR.xml (OK - compressed)
 4207627 res/nz.xml (OK - compressed)
 4207928 res/o_.9.png (OK)
 4208228 res/pY.png (OK)
 4208384 res/pu.png (OK)
 4209333 res/r2.xml (OK - compressed)
 4209848 res/s4.png (OK)
 4209996 res/sA.9.png (OK)
 4210256 res/vL.9.png (OK)
 4210528 res/wN.9.png (OK)
 4210793 res/x4.xml (OK - compressed)
 4211567 res/xN.xml (OK - compressed)
 4212400 res/xa.9.png (OK)
 4212672 res/z-.9.png (OK)
 4212944 resources.arsc (OK)
 4636814 META-INF/ANDROIDD.SF (OK - compressed)
 4643282 META-INF/ANDROIDD.RSA (OK - compressed)
 4644349 META-INF/MANIFEST.MF (OK - compressed)
Verification succesful
