Verifying alignment of artifacts/RepoRove-0.6.0-preview.apk (4)...
      87 META-INF/com/android/build/gradle/app-metadata.properties (OK - compressed)
     207 META-INF/version-control-info.textproto (OK - compressed)
     388 assets/dexopt/baseline.prof (OK)
    5656 assets/dexopt/baseline.profm (OK)
    6388 classes.dex (OK)
 3915776 lib/arm64-v8a/libandroidx.graphics.path.so (OK)
 3932160 lib/arm64-v8a/libdatastore_shared_counter.so (OK)
 3948544 lib/armeabi-v7a/libandroidx.graphics.path.so (OK)
 3964928 lib/armeabi-v7a/libdatastore_shared_counter.so (OK)
 3981312 lib/x86/libandroidx.graphics.path.so (OK)
 3997696 lib/x86/libdatastore_shared_counter.so (OK)
 4014080 lib/x86_64/libandroidx.graphics.path.so (OK)
 4030464 lib/x86_64/libdatastore_shared_counter.so (OK)
 4036752 assets/catalog/EXPLORE-LICENSE.txt (OK - compressed)
 4042736 assets/catalog/LINGUIST-LICENSE.txt (OK - compressed)
 4043418 assets/catalog/explore.json (OK - compressed)
 4290242 assets/catalog/languages.json (OK - compressed)
 4301352 assets/changelog.json (OK - compressed)
 4303456 assets/licenses/Apache-2.0.txt (OK - compressed)
 4307467 assets/licenses/RepoRove-MIT.txt (OK - compressed)
 4308181 assets/licenses/commonmark-BSD-2-Clause.txt (OK - compressed)
 4308919 assets/licenses/jsoup-MIT.txt (OK - compressed)
 4309636 assets/licenses/notices.md (OK - compressed)
 4321342 DebugProbesKt.bin (OK - compressed)
 4322203 META-INF/androidx.activity_activity-compose.version (OK - compressed)
 4322289 META-INF/androidx.activity_activity-ktx.version (OK - compressed)
 4322371 META-INF/androidx.activity_activity.version (OK - compressed)
 4322470 META-INF/androidx.annotation_annotation-experimental.version (OK - compressed)
 4322563 META-INF/androidx.appcompat_appcompat-resources.version (OK - compressed)
 4322649 META-INF/androidx.arch.core_core-runtime.version (OK - compressed)
 4322783 META-INF/androidx.autofill_autofill.version (OK - compressed)
 4322879 META-INF/androidx.compose.animation_animation-core.version (OK - compressed)
 4322970 META-INF/androidx.compose.animation_animation.version (OK - compressed)
 4323070 META-INF/androidx.compose.foundation_foundation-layout.version (OK - compressed)
 4323163 META-INF/androidx.compose.foundation_foundation.version (OK - compressed)
 4323254 META-INF/androidx.compose.material3_material3.version (OK - compressed)
 4323354 META-INF/androidx.compose.material_material-icons-core.version (OK - compressed)
 4323458 META-INF/androidx.compose.material_material-icons-extended.version (OK - compressed)
 4323554 META-INF/androidx.compose.material_material-ripple.version (OK - compressed)
 4323650 META-INF/androidx.compose.runtime_runtime-saveable.version (OK - compressed)
 4323737 META-INF/androidx.compose.runtime_runtime.version (OK - compressed)
 4323823 META-INF/androidx.compose.ui_ui-geometry.version (OK - compressed)
 4323909 META-INF/androidx.compose.ui_ui-graphics.version (OK - compressed)
 4323991 META-INF/androidx.compose.ui_ui-text.version (OK - compressed)
 4324084 META-INF/androidx.compose.ui_ui-tooling-preview.version (OK - compressed)
 4324166 META-INF/androidx.compose.ui_ui-unit.version (OK - compressed)
 4324248 META-INF/androidx.compose.ui_ui-util.version (OK - compressed)
 4324325 META-INF/androidx.compose.ui_ui.version (OK - compressed)
 4324402 META-INF/androidx.core_core-ktx.version (OK - compressed)
 4324485 META-INF/androidx.core_core-viewtree.version (OK - compressed)
 4324558 META-INF/androidx.core_core.version (OK - compressed)
 4324661 META-INF/androidx.customview_customview-poolingcontainer.version (OK - compressed)
 4324749 META-INF/androidx.datastore_datastore-core.version (OK - compressed)
 4324849 META-INF/androidx.datastore_datastore-preferences-core.version (OK - compressed)
 4324944 META-INF/androidx.datastore_datastore-preferences.version (OK - compressed)
 4325027 META-INF/androidx.datastore_datastore.version (OK - compressed)
 4325104 META-INF/androidx.emoji2_emoji2.version (OK - compressed)
 4325195 META-INF/androidx.exifinterface_exifinterface.version (OK - compressed)
 4325281 META-INF/androidx.graphics_graphics-path.version (OK - compressed)
 4325370 META-INF/androidx.interpolator_interpolator.version (OK - compressed)
 4325467 META-INF/androidx.lifecycle_lifecycle-livedata-core.version (OK - compressed)
 4325558 META-INF/androidx.lifecycle_lifecycle-process.version (OK - compressed)
 4325657 META-INF/androidx.lifecycle_lifecycle-runtime-compose.version (OK - compressed)
 4325752 META-INF/androidx.lifecycle_lifecycle-runtime-ktx.version (OK - compressed)
 4325843 META-INF/androidx.lifecycle_lifecycle-runtime.version (OK - compressed)
 4325944 META-INF/androidx.lifecycle_lifecycle-viewmodel-compose.version (OK - compressed)
 4326041 META-INF/androidx.lifecycle_lifecycle-viewmodel-ktx.version (OK - compressed)
 4326145 META-INF/androidx.lifecycle_lifecycle-viewmodel-savedstate.version (OK - compressed)
 4326238 META-INF/androidx.lifecycle_lifecycle-viewmodel.version (OK - compressed)
 4326330 META-INF/androidx.navigation_navigation-common.version (OK - compressed)
 4326423 META-INF/androidx.navigation_navigation-compose.version (OK - compressed)
 4326516 META-INF/androidx.navigation_navigation-runtime.version (OK - compressed)
 4326613 META-INF/androidx.profileinstaller_profileinstaller.version (OK - compressed)
 4326706 META-INF/androidx.savedstate_savedstate-compose.version (OK - compressed)
 4326795 META-INF/androidx.savedstate_savedstate-ktx.version (OK - compressed)
 4326880 META-INF/androidx.savedstate_savedstate.version (OK - compressed)
 4326967 META-INF/androidx.startup_startup-runtime.version (OK - compressed)
 4327046 META-INF/androidx.tracing_tracing.version (OK - compressed)
 4327148 META-INF/androidx.vectordrawable_vectordrawable-animated.version (OK - compressed)
 4327241 META-INF/androidx.vectordrawable_vectordrawable.version (OK - compressed)
 4327344 META-INF/androidx.versionedparcelable_versionedparcelable.version (OK - compressed)
 4327433 META-INF/androidx/annotation/annotation/LICENSE.txt (OK - compressed)
 4331081 META-INF/androidx/collection/collection-ktx/LICENSE.txt (OK - compressed)
 4334725 META-INF/androidx/collection/collection/LICENSE.txt (OK - compressed)
 4338380 META-INF/androidx/lifecycle/lifecycle-common-java8/LICENSE.txt (OK - compressed)
 4342029 META-INF/androidx/lifecycle/lifecycle-common/LICENSE.txt (OK - compressed)
 4345644 META-INF/jsoup/LICENSE (OK - compressed)
 4346378 META-INF/kotlinx_coroutines_android.version (OK - compressed)
 4346456 META-INF/kotlinx_coroutines_core.version (OK - compressed)
 4346516 META-INF/services/D2.y (OK - compressed)
 4346575 META-INF/services/E2.a (OK - compressed)
 4346652 META-INF/versions/9/OSGI-INF/MANIFEST.MF (OK - compressed)
 4346839 kotlin-tooling-metadata.json (OK - compressed)
 4347197 kotlin/annotation/annotation.kotlin_builtins (OK - compressed)
 4347796 kotlin/collections/collections.kotlin_builtins (OK - compressed)
 4349364 kotlin/concurrent/atomics/atomics.kotlin_builtins (OK - compressed)
 4350458 kotlin/coroutines/coroutines.kotlin_builtins (OK - compressed)
 4350644 kotlin/internal/internal.kotlin_builtins (OK - compressed)
 4351058 kotlin/kotlin.kotlin_builtins (OK - compressed)
 4356253 kotlin/ranges/ranges.kotlin_builtins (OK - compressed)
 4357577 kotlin/reflect/reflect.kotlin_builtins (OK - compressed)
 4358889 okhttp3/internal/publicsuffix/NOTICE (OK - compressed)
 4359115 okhttp3/internal/publicsuffix/publicsuffixes.gz (OK - compressed)
 4400595 org/commonmark/internal/util/entities.txt (OK - compressed)
 4411509 AndroidManifest.xml (OK - compressed)
 4413372 res/2K.9.png (OK)
 4413637 res/4j.xml (OK - compressed)
 4414117 res/4z.xml (OK - compressed)
 4414580 res/5c.png (OK)
 4414758 res/9m.xml (OK - compressed)
 4414980 res/C_.9.png (OK)
 4415235 res/Ce.xml (OK - compressed)
 4415928 res/Ma.9.png (OK)
 4416215 res/N3.xml (OK - compressed)
 4416656 res/Qq.xml (OK - compressed)
 4417026 res/S8.xml (OK - compressed)
 4417560 res/U-.9.png (OK)
 4417823 res/WU.xml (OK - compressed)
 4418284 res/Ws.xml (OK - compressed)
 4418791 res/Xk.xml (OK - compressed)
 4419543 res/_y.xml (OK - compressed)
 4419892 res/a0.xml (OK - compressed)
 4420468 res/bX.xml (OK - compressed)
 4421171 res/c6.xml (OK - compressed)
 4421395 res/cV.xml (OK - compressed)
 4421717 res/color/vector_tint_color.xml (OK - compressed)
 4421964 res/color/vector_tint_theme_color.xml (OK - compressed)
 4422186 res/cr.xml (OK - compressed)
 4422427 res/df.xml (OK - compressed)
 4422728 res/gK.9.png (OK)
 4422983 res/hq.xml (OK - compressed)
 4423356 res/iQ.xml (OK - compressed)
 4423824 res/je.9.png (OK)
 4424076 res/lR.xml (OK - compressed)
 4424375 res/nz.xml (OK - compressed)
 4424676 res/o_.9.png (OK)
 4424976 res/pY.png (OK)
 4425132 res/pu.png (OK)
 4426081 res/r2.xml (OK - compressed)
 4426596 res/s4.png (OK)
 4426744 res/sA.9.png (OK)
 4427004 res/vL.9.png (OK)
 4427276 res/wN.9.png (OK)
 4427541 res/x4.xml (OK - compressed)
 4428315 res/xN.xml (OK - compressed)
 4429148 res/xa.9.png (OK)
 4429420 res/z-.9.png (OK)
 4429692 resources.arsc (OK)
Verification succesful
