Verifying alignment of artifacts/RepoRove-0.4.0-preview.apk (4)...
      87 META-INF/com/android/build/gradle/app-metadata.properties (OK - compressed)
     207 META-INF/version-control-info.textproto (OK - compressed)
     320 assets/dexopt/baseline.prof (OK)
    5560 assets/dexopt/baseline.profm (OK)
    6276 classes.dex (OK)
 3751936 lib/arm64-v8a/libandroidx.graphics.path.so (OK)
 3768320 lib/arm64-v8a/libdatastore_shared_counter.so (OK)
 3784704 lib/armeabi-v7a/libandroidx.graphics.path.so (OK)
 3801088 lib/armeabi-v7a/libdatastore_shared_counter.so (OK)
 3817472 lib/x86/libandroidx.graphics.path.so (OK)
 3833856 lib/x86/libdatastore_shared_counter.so (OK)
 3850240 lib/x86_64/libandroidx.graphics.path.so (OK)
 3866624 lib/x86_64/libdatastore_shared_counter.so (OK)
 3872912 assets/catalog/EXPLORE-LICENSE.txt (OK - compressed)
 3878896 assets/catalog/LINGUIST-LICENSE.txt (OK - compressed)
 3879578 assets/catalog/explore.json (OK - compressed)
 4126402 assets/catalog/languages.json (OK - compressed)
 4137508 DebugProbesKt.bin (OK - compressed)
 4138369 META-INF/androidx.activity_activity-compose.version (OK - compressed)
 4138455 META-INF/androidx.activity_activity-ktx.version (OK - compressed)
 4138537 META-INF/androidx.activity_activity.version (OK - compressed)
 4138636 META-INF/androidx.annotation_annotation-experimental.version (OK - compressed)
 4138729 META-INF/androidx.appcompat_appcompat-resources.version (OK - compressed)
 4138815 META-INF/androidx.arch.core_core-runtime.version (OK - compressed)
 4138949 META-INF/androidx.autofill_autofill.version (OK - compressed)
 4139045 META-INF/androidx.compose.animation_animation-core.version (OK - compressed)
 4139136 META-INF/androidx.compose.animation_animation.version (OK - compressed)
 4139236 META-INF/androidx.compose.foundation_foundation-layout.version (OK - compressed)
 4139329 META-INF/androidx.compose.foundation_foundation.version (OK - compressed)
 4139420 META-INF/androidx.compose.material3_material3.version (OK - compressed)
 4139520 META-INF/androidx.compose.material_material-icons-core.version (OK - compressed)
 4139624 META-INF/androidx.compose.material_material-icons-extended.version (OK - compressed)
 4139720 META-INF/androidx.compose.material_material-ripple.version (OK - compressed)
 4139816 META-INF/androidx.compose.runtime_runtime-saveable.version (OK - compressed)
 4139903 META-INF/androidx.compose.runtime_runtime.version (OK - compressed)
 4139989 META-INF/androidx.compose.ui_ui-geometry.version (OK - compressed)
 4140075 META-INF/androidx.compose.ui_ui-graphics.version (OK - compressed)
 4140157 META-INF/androidx.compose.ui_ui-text.version (OK - compressed)
 4140250 META-INF/androidx.compose.ui_ui-tooling-preview.version (OK - compressed)
 4140332 META-INF/androidx.compose.ui_ui-unit.version (OK - compressed)
 4140414 META-INF/androidx.compose.ui_ui-util.version (OK - compressed)
 4140491 META-INF/androidx.compose.ui_ui.version (OK - compressed)
 4140568 META-INF/androidx.core_core-ktx.version (OK - compressed)
 4140651 META-INF/androidx.core_core-viewtree.version (OK - compressed)
 4140724 META-INF/androidx.core_core.version (OK - compressed)
 4140827 META-INF/androidx.customview_customview-poolingcontainer.version (OK - compressed)
 4140915 META-INF/androidx.datastore_datastore-core.version (OK - compressed)
 4141015 META-INF/androidx.datastore_datastore-preferences-core.version (OK - compressed)
 4141110 META-INF/androidx.datastore_datastore-preferences.version (OK - compressed)
 4141193 META-INF/androidx.datastore_datastore.version (OK - compressed)
 4141270 META-INF/androidx.emoji2_emoji2.version (OK - compressed)
 4141361 META-INF/androidx.exifinterface_exifinterface.version (OK - compressed)
 4141447 META-INF/androidx.graphics_graphics-path.version (OK - compressed)
 4141536 META-INF/androidx.interpolator_interpolator.version (OK - compressed)
 4141633 META-INF/androidx.lifecycle_lifecycle-livedata-core.version (OK - compressed)
 4141724 META-INF/androidx.lifecycle_lifecycle-process.version (OK - compressed)
 4141823 META-INF/androidx.lifecycle_lifecycle-runtime-compose.version (OK - compressed)
 4141918 META-INF/androidx.lifecycle_lifecycle-runtime-ktx.version (OK - compressed)
 4142009 META-INF/androidx.lifecycle_lifecycle-runtime.version (OK - compressed)
 4142110 META-INF/androidx.lifecycle_lifecycle-viewmodel-compose.version (OK - compressed)
 4142207 META-INF/androidx.lifecycle_lifecycle-viewmodel-ktx.version (OK - compressed)
 4142311 META-INF/androidx.lifecycle_lifecycle-viewmodel-savedstate.version (OK - compressed)
 4142404 META-INF/androidx.lifecycle_lifecycle-viewmodel.version (OK - compressed)
 4142496 META-INF/androidx.navigation_navigation-common.version (OK - compressed)
 4142589 META-INF/androidx.navigation_navigation-compose.version (OK - compressed)
 4142682 META-INF/androidx.navigation_navigation-runtime.version (OK - compressed)
 4142779 META-INF/androidx.profileinstaller_profileinstaller.version (OK - compressed)
 4142872 META-INF/androidx.savedstate_savedstate-compose.version (OK - compressed)
 4142961 META-INF/androidx.savedstate_savedstate-ktx.version (OK - compressed)
 4143046 META-INF/androidx.savedstate_savedstate.version (OK - compressed)
 4143133 META-INF/androidx.startup_startup-runtime.version (OK - compressed)
 4143212 META-INF/androidx.tracing_tracing.version (OK - compressed)
 4143314 META-INF/androidx.vectordrawable_vectordrawable-animated.version (OK - compressed)
 4143407 META-INF/androidx.vectordrawable_vectordrawable.version (OK - compressed)
 4143510 META-INF/androidx.versionedparcelable_versionedparcelable.version (OK - compressed)
 4143599 META-INF/androidx/annotation/annotation/LICENSE.txt (OK - compressed)
 4147247 META-INF/androidx/collection/collection-ktx/LICENSE.txt (OK - compressed)
 4150891 META-INF/androidx/collection/collection/LICENSE.txt (OK - compressed)
 4154546 META-INF/androidx/lifecycle/lifecycle-common-java8/LICENSE.txt (OK - compressed)
 4158195 META-INF/androidx/lifecycle/lifecycle-common/LICENSE.txt (OK - compressed)
 4161810 META-INF/jsoup/LICENSE (OK - compressed)
 4162544 META-INF/kotlinx_coroutines_android.version (OK - compressed)
 4162622 META-INF/kotlinx_coroutines_core.version (OK - compressed)
 4162682 META-INF/services/A2.A (OK - compressed)
 4162741 META-INF/services/B2.a (OK - compressed)
 4162818 META-INF/versions/9/OSGI-INF/MANIFEST.MF (OK - compressed)
 4163005 kotlin-tooling-metadata.json (OK - compressed)
 4163363 kotlin/annotation/annotation.kotlin_builtins (OK - compressed)
 4163962 kotlin/collections/collections.kotlin_builtins (OK - compressed)
 4165530 kotlin/concurrent/atomics/atomics.kotlin_builtins (OK - compressed)
 4166624 kotlin/coroutines/coroutines.kotlin_builtins (OK - compressed)
 4166810 kotlin/internal/internal.kotlin_builtins (OK - compressed)
 4167224 kotlin/kotlin.kotlin_builtins (OK - compressed)
 4172419 kotlin/ranges/ranges.kotlin_builtins (OK - compressed)
 4173743 kotlin/reflect/reflect.kotlin_builtins (OK - compressed)
 4175055 okhttp3/internal/publicsuffix/NOTICE (OK - compressed)
 4175281 okhttp3/internal/publicsuffix/publicsuffixes.gz (OK - compressed)
 4216761 org/commonmark/internal/util/entities.txt (OK - compressed)
 4227675 AndroidManifest.xml (OK - compressed)
 4229396 res/2K.9.png (OK)
 4229661 res/4j.xml (OK - compressed)
 4230141 res/4z.xml (OK - compressed)
 4230604 res/5c.png (OK)
 4230782 res/9m.xml (OK - compressed)
 4231004 res/C_.9.png (OK)
 4231259 res/Ce.xml (OK - compressed)
 4231952 res/Ma.9.png (OK)
 4232239 res/N3.xml (OK - compressed)
 4232680 res/Qq.xml (OK - compressed)
 4233050 res/S8.xml (OK - compressed)
 4233584 res/U-.9.png (OK)
 4233847 res/WU.xml (OK - compressed)
 4234308 res/Ws.xml (OK - compressed)
 4234815 res/Xk.xml (OK - compressed)
 4235567 res/_y.xml (OK - compressed)
 4235916 res/a0.xml (OK - compressed)
 4236492 res/bX.xml (OK - compressed)
 4237195 res/c6.xml (OK - compressed)
 4237419 res/cV.xml (OK - compressed)
 4237741 res/color/vector_tint_color.xml (OK - compressed)
 4237988 res/color/vector_tint_theme_color.xml (OK - compressed)
 4238210 res/cr.xml (OK - compressed)
 4238451 res/df.xml (OK - compressed)
 4238752 res/gK.9.png (OK)
 4239007 res/hq.xml (OK - compressed)
 4239380 res/iQ.xml (OK - compressed)
 4239848 res/je.9.png (OK)
 4240100 res/lR.xml (OK - compressed)
 4240399 res/nz.xml (OK - compressed)
 4240700 res/o_.9.png (OK)
 4241000 res/pY.png (OK)
 4241156 res/pu.png (OK)
 4242105 res/r2.xml (OK - compressed)
 4242620 res/s4.png (OK)
 4242768 res/sA.9.png (OK)
 4243028 res/vL.9.png (OK)
 4243300 res/wN.9.png (OK)
 4243565 res/x4.xml (OK - compressed)
 4244339 res/xN.xml (OK - compressed)
 4245172 res/xa.9.png (OK)
 4245444 res/z-.9.png (OK)
 4245716 resources.arsc (OK)
 4669586 META-INF/ANDROIDD.SF (OK - compressed)
 4676053 META-INF/ANDROIDD.RSA (OK - compressed)
 4677120 META-INF/MANIFEST.MF (OK - compressed)
Verification succesful
