> Task :smoke-test:preBuild UP-TO-DATE
> Task :app:checkKotlinGradlePluginConfigurationErrors SKIPPED
> Task :smoke-test:preDebugBuild UP-TO-DATE
> Task :app:preBuild UP-TO-DATE
> Task :smoke-test:mergeDebugNativeDebugMetadata NO-SOURCE
> Task :app:preDebugBuild UP-TO-DATE
> Task :app:generateDebugBuildConfig UP-TO-DATE
> Task :smoke-test:javaPreCompileDebug UP-TO-DATE
> Task :smoke-test:checkDebugAarMetadata UP-TO-DATE
> Task :smoke-test:generateDebugResValues UP-TO-DATE
> Task :smoke-test:mapDebugSourceSetPaths UP-TO-DATE
> Task :smoke-test:generateDebugResources UP-TO-DATE
> Task :smoke-test:mergeDebugResources UP-TO-DATE
> Task :smoke-test:packageDebugResources UP-TO-DATE
> Task :smoke-test:parseDebugLocalResources UP-TO-DATE
> Task :smoke-test:createDebugCompatibleScreenManifests UP-TO-DATE
> Task :smoke-test:extractDeepLinksDebug UP-TO-DATE
> Task :smoke-test:processDebugMainManifest UP-TO-DATE
> Task :smoke-test:processDebugManifest UP-TO-DATE
> Task :smoke-test:processDebugManifestForPackage UP-TO-DATE
> Task :smoke-test:processDebugResources UP-TO-DATE
> Task :smoke-test:compileDebugJavaWithJavac UP-TO-DATE
> Task :smoke-test:mergeDebugShaders UP-TO-DATE
> Task :smoke-test:compileDebugShaders NO-SOURCE
> Task :smoke-test:generateDebugAssets UP-TO-DATE
> Task :smoke-test:mergeDebugAssets UP-TO-DATE
> Task :smoke-test:compressDebugAssets UP-TO-DATE
> Task :smoke-test:desugarDebugFileDependencies UP-TO-DATE
> Task :smoke-test:dexBuilderDebug UP-TO-DATE
> Task :smoke-test:mergeDebugGlobalSynthetics UP-TO-DATE
> Task :smoke-test:processDebugJavaRes NO-SOURCE
> Task :smoke-test:mergeDebugJavaResource UP-TO-DATE
> Task :smoke-test:checkDebugDuplicateClasses UP-TO-DATE
> Task :smoke-test:mergeExtDexDebug UP-TO-DATE
> Task :smoke-test:mergeLibDexDebug UP-TO-DATE
> Task :smoke-test:mergeProjectDexDebug UP-TO-DATE
> Task :smoke-test:mergeDebugJniLibFolders UP-TO-DATE
> Task :smoke-test:mergeDebugNativeLibs NO-SOURCE
> Task :smoke-test:stripDebugDebugSymbols NO-SOURCE
> Task :smoke-test:validateSigningDebug UP-TO-DATE
> Task :smoke-test:writeDebugAppMetadata UP-TO-DATE
> Task :smoke-test:writeDebugSigningConfigVersions UP-TO-DATE
> Task :smoke-test:packageDebug UP-TO-DATE
> Task :smoke-test:createDebugApkListingFileRedirect UP-TO-DATE
> Task :smoke-test:assembleDebug UP-TO-DATE
> Task :smoke-test:bundleDebugClassesToCompileJar UP-TO-DATE
> Task :smoke-test:preDebugAndroidTestBuild SKIPPED
> Task :smoke-test:generateDebugAndroidTestResValues UP-TO-DATE
> Task :smoke-test:generateDebugAndroidTestLintModel UP-TO-DATE
> Task :smoke-test:extractProguardFiles UP-TO-DATE
> Task :smoke-test:generateDebugLintReportModel UP-TO-DATE
> Task :smoke-test:preDebugUnitTestBuild UP-TO-DATE
> Task :smoke-test:generateDebugUnitTestLintModel UP-TO-DATE
> Task :smoke-test:lintAnalyzeDebug UP-TO-DATE
> Task :smoke-test:lintAnalyzeDebugAndroidTest UP-TO-DATE
> Task :smoke-test:lintAnalyzeDebugUnitTest UP-TO-DATE
> Task :smoke-test:lintReportDebug UP-TO-DATE
> Task :smoke-test:lintDebug
> Task :app:checkDebugAarMetadata UP-TO-DATE
> Task :app:generateDebugResValues UP-TO-DATE
> Task :app:mapDebugSourceSetPaths UP-TO-DATE
> Task :app:generateDebugResources UP-TO-DATE
> Task :app:mergeDebugResources UP-TO-DATE
> Task :app:packageDebugResources UP-TO-DATE
> Task :app:parseDebugLocalResources UP-TO-DATE
> Task :app:createDebugCompatibleScreenManifests UP-TO-DATE
> Task :app:extractDeepLinksDebug UP-TO-DATE
> Task :app:processDebugMainManifest UP-TO-DATE
> Task :app:processDebugManifest UP-TO-DATE
> Task :app:processDebugManifestForPackage UP-TO-DATE
> Task :app:processDebugResources UP-TO-DATE
> Task :app:javaPreCompileDebug UP-TO-DATE
> Task :app:preDebugUnitTestBuild UP-TO-DATE
> Task :app:javaPreCompileDebugUnitTest UP-TO-DATE
> Task :app:preDebugAndroidTestBuild SKIPPED
> Task :app:generateDebugAndroidTestResValues UP-TO-DATE
> Task :app:extractProguardFiles UP-TO-DATE
> Task :app:buildKotlinToolingMetadata UP-TO-DATE
> Task :app:preReleaseBuild UP-TO-DATE
> Task :app:generateReleaseBuildConfig UP-TO-DATE
> Task :app:checkReleaseAarMetadata UP-TO-DATE
> Task :app:generateReleaseResValues UP-TO-DATE
> Task :app:mapReleaseSourceSetPaths UP-TO-DATE
> Task :app:generateReleaseResources UP-TO-DATE
> Task :app:mergeReleaseResources UP-TO-DATE
> Task :app:packageReleaseResources UP-TO-DATE
> Task :app:parseReleaseLocalResources UP-TO-DATE
> Task :app:createReleaseCompatibleScreenManifests UP-TO-DATE
> Task :app:extractDeepLinksRelease UP-TO-DATE
> Task :app:processReleaseMainManifest UP-TO-DATE
> Task :app:processReleaseManifest UP-TO-DATE
> Task :app:processReleaseManifestForPackage UP-TO-DATE
> Task :app:processReleaseResources UP-TO-DATE
> Task :app:javaPreCompileRelease UP-TO-DATE
> Task :app:preReleaseUnitTestBuild UP-TO-DATE
> Task :app:mergeReleaseJniLibFolders UP-TO-DATE
> Task :app:mergeReleaseNativeLibs UP-TO-DATE
> Task :app:stripReleaseDebugSymbols UP-TO-DATE
> Task :app:extractReleaseNativeSymbolTables UP-TO-DATE
> Task :app:mergeReleaseNativeDebugMetadata NO-SOURCE
> Task :app:checkReleaseDuplicateClasses UP-TO-DATE
> Task :app:mergeReleaseArtProfile UP-TO-DATE
> Task :app:mergeReleaseStartupProfile UP-TO-DATE
> Task :app:mergeReleaseShaders UP-TO-DATE
> Task :app:compileReleaseShaders NO-SOURCE
> Task :app:generateReleaseAssets UP-TO-DATE
> Task :app:mergeReleaseAssets UP-TO-DATE
> Task :app:compressReleaseAssets UP-TO-DATE
> Task :app:extractReleaseVersionControlInfo UP-TO-DATE
> Task :app:optimizeReleaseResources UP-TO-DATE
> Task :app:collectReleaseDependencies UP-TO-DATE
> Task :app:sdkReleaseDependencyData UP-TO-DATE
> Task :app:writeReleaseAppMetadata UP-TO-DATE
> Task :app:writeReleaseSigningConfigVersions UP-TO-DATE
> Task :app:compileDebugKotlin
> Task :app:compileReleaseKotlin
> Task :app:compileDebugJavaWithJavac UP-TO-DATE
> Task :app:processDebugJavaRes UP-TO-DATE
> Task :app:generateDebugLintReportModel
> Task :app:bundleDebugClassesToRuntimeJar
> Task :app:bundleDebugClassesToCompileJar
> Task :app:compileReleaseJavaWithJavac UP-TO-DATE
> Task :app:generateDebugAndroidTestLintModel
> Task :app:generateDebugUnitTestLintModel
> Task :app:generateReleaseLintReportModel
> Task :app:mergeReleaseGeneratedProguardFiles UP-TO-DATE
> Task :app:processReleaseJavaRes UP-TO-DATE
> Task :app:mergeReleaseJavaResource UP-TO-DATE
> Task :app:generateReleaseLintVitalReportModel
> Task :app:bundleReleaseClassesToCompileJar
> Task :app:compileDebugUnitTestKotlin
> Task :app:generateReleaseUnitTestLintModel
> Task :app:compileDebugUnitTestJavaWithJavac NO-SOURCE
> Task :app:processDebugUnitTestJavaRes UP-TO-DATE
> Task :app:testDebugUnitTest
> Task :app:expandReleaseArtProfileWildcards
> Task :app:lintAnalyzeDebugUnitTest
> Task :app:lintAnalyzeDebugAndroidTest
> Task :app:lintAnalyzeReleaseUnitTest
> Task :app:lintAnalyzeDebug
> Task :app:lintAnalyzeRelease
> Task :app:minifyReleaseWithR8
> Task :app:lintVitalAnalyzeRelease
> Task :app:lintVitalReportRelease SKIPPED
> Task :app:lintVitalRelease SKIPPED

> Task :app:lintReportRelease
Wrote HTML report to file:///Users/macbook/xm/github-app/app/build/reports/lint-results-release.html

> Task :app:lintReportDebug
Wrote HTML report to file:///Users/macbook/xm/github-app/app/build/reports/lint-results-debug.html

> Task :app:lintDebug
> Task :app:lintRelease
> Task :app:compileReleaseArtProfile
> Task :app:packageRelease
> Task :app:createReleaseApkListingFileRedirect UP-TO-DATE
> Task :app:assembleRelease

BUILD SUCCESSFUL in 2m 43s
128 actionable tasks: 28 executed, 100 up-to-date
