INSTRUMENTATION_STATUS: class=app.reporove.CoreFlowTest
INSTRUMENTATION_STATUS: current=1
INSTRUMENTATION_STATUS: id=AndroidJUnitRunner
INSTRUMENTATION_STATUS: numtests=9
INSTRUMENTATION_STATUS: stream=
app.reporove.CoreFlowTest:
INSTRUMENTATION_STATUS: test=readmeLinksCopyAndOwnerOpenNativeProfile
INSTRUMENTATION_STATUS_CODE: 1
INSTRUMENTATION_STATUS: class=app.reporove.CoreFlowTest
INSTRUMENTATION_STATUS: current=1
INSTRUMENTATION_STATUS: id=AndroidJUnitRunner
INSTRUMENTATION_STATUS: numtests=9
INSTRUMENTATION_STATUS: stream=.
INSTRUMENTATION_STATUS: test=readmeLinksCopyAndOwnerOpenNativeProfile
INSTRUMENTATION_STATUS_CODE: 0
INSTRUMENTATION_STATUS: class=app.reporove.CoreFlowTest
INSTRUMENTATION_STATUS: current=2
INSTRUMENTATION_STATUS: id=AndroidJUnitRunner
INSTRUMENTATION_STATUS: numtests=9
INSTRUMENTATION_STATUS: stream=
INSTRUMENTATION_STATUS: test=globalHiddenColumnsRemainAccessibleAndPreferencesPersist
INSTRUMENTATION_STATUS_CODE: 1
INSTRUMENTATION_STATUS: class=app.reporove.CoreFlowTest
INSTRUMENTATION_STATUS: current=2
INSTRUMENTATION_STATUS: id=AndroidJUnitRunner
INSTRUMENTATION_STATUS: numtests=9
INSTRUMENTATION_STATUS: stream=.
INSTRUMENTATION_STATUS: test=globalHiddenColumnsRemainAccessibleAndPreferencesPersist
INSTRUMENTATION_STATUS_CODE: 0
INSTRUMENTATION_STATUS: class=app.reporove.CoreFlowTest
INSTRUMENTATION_STATUS: current=3
INSTRUMENTATION_STATUS: id=AndroidJUnitRunner
INSTRUMENTATION_STATUS: numtests=9
INSTRUMENTATION_STATUS: stream=
INSTRUMENTATION_STATUS: test=themesShareReaderSemanticsAndPreservePositionWithoutRenderingAgain
INSTRUMENTATION_STATUS_CODE: 1
INSTRUMENTATION_STATUS: class=app.reporove.CoreFlowTest
INSTRUMENTATION_STATUS: current=3
INSTRUMENTATION_STATUS: id=AndroidJUnitRunner
INSTRUMENTATION_STATUS: numtests=9
INSTRUMENTATION_STATUS: stream=.
INSTRUMENTATION_STATUS: test=themesShareReaderSemanticsAndPreservePositionWithoutRenderingAgain
INSTRUMENTATION_STATUS_CODE: 0
INSTRUMENTATION_STATUS: class=app.reporove.CoreFlowTest
INSTRUMENTATION_STATUS: current=4
INSTRUMENTATION_STATUS: id=AndroidJUnitRunner
INSTRUMENTATION_STATUS: numtests=9
INSTRUMENTATION_STATUS: stream=
INSTRUMENTATION_STATUS: test=discoverSaveReadAndRelease
INSTRUMENTATION_STATUS_CODE: 1
INSTRUMENTATION_STATUS: class=app.reporove.CoreFlowTest
INSTRUMENTATION_STATUS: current=4
INSTRUMENTATION_STATUS: id=AndroidJUnitRunner
INSTRUMENTATION_STATUS: numtests=9
INSTRUMENTATION_STATUS: stream=.
INSTRUMENTATION_STATUS: test=discoverSaveReadAndRelease
INSTRUMENTATION_STATUS_CODE: 0
INSTRUMENTATION_STATUS: class=app.reporove.CoreFlowTest
INSTRUMENTATION_STATUS: current=5
INSTRUMENTATION_STATUS: id=AndroidJUnitRunner
INSTRUMENTATION_STATUS: numtests=9
INSTRUMENTATION_STATUS: stream=
INSTRUMENTATION_STATUS: test=loginStarSearchAndNotificationMutations
INSTRUMENTATION_STATUS_CODE: 1
INSTRUMENTATION_STATUS: class=app.reporove.CoreFlowTest
INSTRUMENTATION_STATUS: current=5
INSTRUMENTATION_STATUS: id=AndroidJUnitRunner
INSTRUMENTATION_STATUS: numtests=9
INSTRUMENTATION_STATUS: stream=.
INSTRUMENTATION_STATUS: test=loginStarSearchAndNotificationMutations
INSTRUMENTATION_STATUS_CODE: 0
INSTRUMENTATION_STATUS: class=app.reporove.CoreFlowTest
INSTRUMENTATION_STATUS: current=6
INSTRUMENTATION_STATUS: id=AndroidJUnitRunner
INSTRUMENTATION_STATUS: numtests=9
INSTRUMENTATION_STATUS: stream=
INSTRUMENTATION_STATUS: test=interestEditsReplaceOldChipsAndCancelDoesNotPersist
INSTRUMENTATION_STATUS_CODE: 1
INSTRUMENTATION_STATUS: class=app.reporove.CoreFlowTest
INSTRUMENTATION_STATUS: current=6
INSTRUMENTATION_STATUS: id=AndroidJUnitRunner
INSTRUMENTATION_STATUS: numtests=9
INSTRUMENTATION_STATUS: stream=.
INSTRUMENTATION_STATUS: test=interestEditsReplaceOldChipsAndCancelDoesNotPersist
INSTRUMENTATION_STATUS_CODE: 0
INSTRUMENTATION_STATUS: class=app.reporove.RepositoryPolicyTest
INSTRUMENTATION_STATUS: current=7
INSTRUMENTATION_STATUS: id=AndroidJUnitRunner
INSTRUMENTATION_STATUS: numtests=9
INSTRUMENTATION_STATUS: stream=
app.reporove.RepositoryPolicyTest:
INSTRUMENTATION_STATUS: test=credentialsRoundTripEncryptedAndLogoutRemovesPrivateCollections
INSTRUMENTATION_STATUS_CODE: 1
INSTRUMENTATION_STATUS: class=app.reporove.RepositoryPolicyTest
INSTRUMENTATION_STATUS: current=7
INSTRUMENTATION_STATUS: id=AndroidJUnitRunner
INSTRUMENTATION_STATUS: numtests=9
INSTRUMENTATION_STATUS: stream=.
INSTRUMENTATION_STATUS: test=credentialsRoundTripEncryptedAndLogoutRemovesPrivateCollections
INSTRUMENTATION_STATUS_CODE: 0
INSTRUMENTATION_STATUS: class=app.reporove.RepositoryPolicyTest
INSTRUMENTATION_STATUS: current=8
INSTRUMENTATION_STATUS: id=AndroidJUnitRunner
INSTRUMENTATION_STATUS: numtests=9
INSTRUMENTATION_STATUS: stream=
INSTRUMENTATION_STATUS: test=serverFailureMayUseCacheButDeniedPermissionNeverDoes
INSTRUMENTATION_STATUS_CODE: 1
INSTRUMENTATION_STATUS: class=app.reporove.RepositoryPolicyTest
INSTRUMENTATION_STATUS: current=8
INSTRUMENTATION_STATUS: id=AndroidJUnitRunner
INSTRUMENTATION_STATUS: numtests=9
INSTRUMENTATION_STATUS: stream=.
INSTRUMENTATION_STATUS: test=serverFailureMayUseCacheButDeniedPermissionNeverDoes
INSTRUMENTATION_STATUS_CODE: 0
INSTRUMENTATION_STATUS: class=app.reporove.MetadataFeaturesTest
INSTRUMENTATION_STATUS: current=9
INSTRUMENTATION_STATUS: id=AndroidJUnitRunner
INSTRUMENTATION_STATUS: numtests=9
INSTRUMENTATION_STATUS: stream=
app.reporove.MetadataFeaturesTest:
INSTRUMENTATION_STATUS: test=organizationPinsDiscussionCursorsAndProjectsUseServerData
INSTRUMENTATION_STATUS_CODE: 1
INSTRUMENTATION_STATUS: class=app.reporove.MetadataFeaturesTest
INSTRUMENTATION_STATUS: current=9
INSTRUMENTATION_STATUS: id=AndroidJUnitRunner
INSTRUMENTATION_STATUS: numtests=9
INSTRUMENTATION_STATUS: stream=.
INSTRUMENTATION_STATUS: test=organizationPinsDiscussionCursorsAndProjectsUseServerData
INSTRUMENTATION_STATUS_CODE: 0
INSTRUMENTATION_RESULT: stream=

Time: 308.539

OK (9 tests)


INSTRUMENTATION_CODE: -1
