INSTRUMENTATION_STATUS: class=app.reporove.CoreFlowTest
INSTRUMENTATION_STATUS: current=1
INSTRUMENTATION_STATUS: id=AndroidJUnitRunner
INSTRUMENTATION_STATUS: numtests=19
INSTRUMENTATION_STATUS: stream=
app.reporove.CoreFlowTest:
INSTRUMENTATION_STATUS: test=readmeLinksCopyAndOwnerOpenNativeProfile
INSTRUMENTATION_STATUS_CODE: 1
INSTRUMENTATION_STATUS: class=app.reporove.CoreFlowTest
INSTRUMENTATION_STATUS: current=1
INSTRUMENTATION_STATUS: id=AndroidJUnitRunner
INSTRUMENTATION_STATUS: numtests=19
INSTRUMENTATION_STATUS: stream=.
INSTRUMENTATION_STATUS: test=readmeLinksCopyAndOwnerOpenNativeProfile
INSTRUMENTATION_STATUS_CODE: 0
INSTRUMENTATION_STATUS: class=app.reporove.CoreFlowTest
INSTRUMENTATION_STATUS: current=2
INSTRUMENTATION_STATUS: id=AndroidJUnitRunner
INSTRUMENTATION_STATUS: numtests=19
INSTRUMENTATION_STATUS: stream=
INSTRUMENTATION_STATUS: test=globalHiddenColumnsRemainAccessibleAndPreferencesPersist
INSTRUMENTATION_STATUS_CODE: 1
INSTRUMENTATION_STATUS: class=app.reporove.CoreFlowTest
INSTRUMENTATION_STATUS: current=2
INSTRUMENTATION_STATUS: id=AndroidJUnitRunner
INSTRUMENTATION_STATUS: numtests=19
INSTRUMENTATION_STATUS: stream=.
INSTRUMENTATION_STATUS: test=globalHiddenColumnsRemainAccessibleAndPreferencesPersist
INSTRUMENTATION_STATUS_CODE: 0
INSTRUMENTATION_STATUS: class=app.reporove.CoreFlowTest
INSTRUMENTATION_STATUS: current=3
INSTRUMENTATION_STATUS: id=AndroidJUnitRunner
INSTRUMENTATION_STATUS: numtests=19
INSTRUMENTATION_STATUS: stream=
INSTRUMENTATION_STATUS: test=languageSharesAndRecommendationUndoPreserveExplicitInterests
INSTRUMENTATION_STATUS_CODE: 1
INSTRUMENTATION_STATUS: class=app.reporove.CoreFlowTest
INSTRUMENTATION_STATUS: current=3
INSTRUMENTATION_STATUS: id=AndroidJUnitRunner
INSTRUMENTATION_STATUS: numtests=19
INSTRUMENTATION_STATUS: stream=.
INSTRUMENTATION_STATUS: test=languageSharesAndRecommendationUndoPreserveExplicitInterests
INSTRUMENTATION_STATUS_CODE: 0
INSTRUMENTATION_STATUS: class=app.reporove.CoreFlowTest
INSTRUMENTATION_STATUS: current=4
INSTRUMENTATION_STATUS: id=AndroidJUnitRunner
INSTRUMENTATION_STATUS: numtests=19
INSTRUMENTATION_STATUS: stream=
INSTRUMENTATION_STATUS: test=directoryRowsAndReleaseNotesPrecedeJumpToFiles
INSTRUMENTATION_STATUS_CODE: 1
INSTRUMENTATION_STATUS: class=app.reporove.CoreFlowTest
INSTRUMENTATION_STATUS: current=4
INSTRUMENTATION_STATUS: id=AndroidJUnitRunner
INSTRUMENTATION_STATUS: numtests=19
INSTRUMENTATION_STATUS: stream=.
INSTRUMENTATION_STATUS: test=directoryRowsAndReleaseNotesPrecedeJumpToFiles
INSTRUMENTATION_STATUS_CODE: 0
INSTRUMENTATION_STATUS: class=app.reporove.CoreFlowTest
INSTRUMENTATION_STATUS: current=5
INSTRUMENTATION_STATUS: id=AndroidJUnitRunner
INSTRUMENTATION_STATUS: numtests=19
INSTRUMENTATION_STATUS: stream=
INSTRUMENTATION_STATUS: test=themesShareReaderSemanticsAndPreservePositionWithoutRenderingAgain
INSTRUMENTATION_STATUS_CODE: 1
INSTRUMENTATION_STATUS: class=app.reporove.CoreFlowTest
INSTRUMENTATION_STATUS: current=5
INSTRUMENTATION_STATUS: id=AndroidJUnitRunner
INSTRUMENTATION_STATUS: numtests=19
INSTRUMENTATION_STATUS: stream=.
INSTRUMENTATION_STATUS: test=themesShareReaderSemanticsAndPreservePositionWithoutRenderingAgain
INSTRUMENTATION_STATUS_CODE: 0
INSTRUMENTATION_STATUS: class=app.reporove.CoreFlowTest
INSTRUMENTATION_STATUS: current=6
INSTRUMENTATION_STATUS: id=AndroidJUnitRunner
INSTRUMENTATION_STATUS: numtests=19
INSTRUMENTATION_STATUS: stream=
INSTRUMENTATION_STATUS: test=lineCommentsAndReviewsDisplayTheExactNotifiedObject
INSTRUMENTATION_STATUS_CODE: 1
INSTRUMENTATION_STATUS: class=app.reporove.CoreFlowTest
INSTRUMENTATION_STATUS: current=6
INSTRUMENTATION_STATUS: id=AndroidJUnitRunner
INSTRUMENTATION_STATUS: numtests=19
INSTRUMENTATION_STATUS: stream=.
INSTRUMENTATION_STATUS: test=lineCommentsAndReviewsDisplayTheExactNotifiedObject
INSTRUMENTATION_STATUS_CODE: 0
INSTRUMENTATION_STATUS: class=app.reporove.CoreFlowTest
INSTRUMENTATION_STATUS: current=7
INSTRUMENTATION_STATUS: id=AndroidJUnitRunner
INSTRUMENTATION_STATUS: numtests=19
INSTRUMENTATION_STATUS: stream=
INSTRUMENTATION_STATUS: test=discoverSaveReadAndRelease
INSTRUMENTATION_STATUS_CODE: 1
INSTRUMENTATION_STATUS: class=app.reporove.CoreFlowTest
INSTRUMENTATION_STATUS: current=7
INSTRUMENTATION_STATUS: id=AndroidJUnitRunner
INSTRUMENTATION_STATUS: numtests=19
INSTRUMENTATION_STATUS: stream=.
INSTRUMENTATION_STATUS: test=discoverSaveReadAndRelease
INSTRUMENTATION_STATUS_CODE: 0
INSTRUMENTATION_STATUS: class=app.reporove.CoreFlowTest
INSTRUMENTATION_STATUS: current=8
INSTRUMENTATION_STATUS: id=AndroidJUnitRunner
INSTRUMENTATION_STATUS: numtests=19
INSTRUMENTATION_STATUS: stream=
INSTRUMENTATION_STATUS: test=loginStarSearchAndNotificationMutations
INSTRUMENTATION_STATUS_CODE: 1
INSTRUMENTATION_STATUS: class=app.reporove.CoreFlowTest
INSTRUMENTATION_STATUS: current=8
INSTRUMENTATION_STATUS: id=AndroidJUnitRunner
INSTRUMENTATION_STATUS: numtests=19
INSTRUMENTATION_STATUS: stream=.
INSTRUMENTATION_STATUS: test=loginStarSearchAndNotificationMutations
INSTRUMENTATION_STATUS_CODE: 0
INSTRUMENTATION_STATUS: class=app.reporove.CoreFlowTest
INSTRUMENTATION_STATUS: current=9
INSTRUMENTATION_STATUS: id=AndroidJUnitRunner
INSTRUMENTATION_STATUS: numtests=19
INSTRUMENTATION_STATUS: stream=
INSTRUMENTATION_STATUS: test=interestEditsReplaceOldChipsAndCancelDoesNotPersist
INSTRUMENTATION_STATUS_CODE: 1
INSTRUMENTATION_STATUS: class=app.reporove.CoreFlowTest
INSTRUMENTATION_STATUS: current=9
INSTRUMENTATION_STATUS: id=AndroidJUnitRunner
INSTRUMENTATION_STATUS: numtests=19
INSTRUMENTATION_STATUS: stream=.
INSTRUMENTATION_STATUS: test=interestEditsReplaceOldChipsAndCancelDoesNotPersist
INSTRUMENTATION_STATUS_CODE: 0
INSTRUMENTATION_STATUS: class=app.reporove.CoreFlowTest
INSTRUMENTATION_STATUS: current=10
INSTRUMENTATION_STATUS: id=AndroidJUnitRunner
INSTRUMENTATION_STATUS: numtests=19
INSTRUMENTATION_STATUS: stream=
INSTRUMENTATION_STATUS: test=ciEventsAndMyOrganizationsOpenTheirActualObjects
INSTRUMENTATION_STATUS_CODE: 1
INSTRUMENTATION_STATUS: class=app.reporove.CoreFlowTest
INSTRUMENTATION_STATUS: current=10
INSTRUMENTATION_STATUS: id=AndroidJUnitRunner
INSTRUMENTATION_STATUS: numtests=19
INSTRUMENTATION_STATUS: stream=.
INSTRUMENTATION_STATUS: test=ciEventsAndMyOrganizationsOpenTheirActualObjects
INSTRUMENTATION_STATUS_CODE: 0
INSTRUMENTATION_STATUS: class=app.reporove.CoreFlowTest
INSTRUMENTATION_STATUS: current=11
INSTRUMENTATION_STATUS: id=AndroidJUnitRunner
INSTRUMENTATION_STATUS: numtests=19
INSTRUMENTATION_STATUS: stream=
INSTRUMENTATION_STATUS: test=profilePinsStartCollapsedAndTrackingManagementPreservesLater
INSTRUMENTATION_STATUS_CODE: 1
INSTRUMENTATION_STATUS: class=app.reporove.CoreFlowTest
INSTRUMENTATION_STATUS: current=11
INSTRUMENTATION_STATUS: id=AndroidJUnitRunner
INSTRUMENTATION_STATUS: numtests=19
INSTRUMENTATION_STATUS: stream=.
INSTRUMENTATION_STATUS: test=profilePinsStartCollapsedAndTrackingManagementPreservesLater
INSTRUMENTATION_STATUS_CODE: 0
INSTRUMENTATION_STATUS: class=app.reporove.CoreFlowTest
INSTRUMENTATION_STATUS: current=12
INSTRUMENTATION_STATUS: id=AndroidJUnitRunner
INSTRUMENTATION_STATUS: numtests=19
INSTRUMENTATION_STATUS: stream=
INSTRUMENTATION_STATUS: test=typedCatalogAndCustomTopicsPersistWithoutCheckboxes
INSTRUMENTATION_STATUS_CODE: 1
INSTRUMENTATION_STATUS: class=app.reporove.CoreFlowTest
INSTRUMENTATION_STATUS: current=12
INSTRUMENTATION_STATUS: id=AndroidJUnitRunner
INSTRUMENTATION_STATUS: numtests=19
INSTRUMENTATION_STATUS: stream=.
INSTRUMENTATION_STATUS: test=typedCatalogAndCustomTopicsPersistWithoutCheckboxes
INSTRUMENTATION_STATUS_CODE: 0
INSTRUMENTATION_STATUS: class=app.reporove.MetadataFeaturesTest
INSTRUMENTATION_STATUS: current=13
INSTRUMENTATION_STATUS: id=AndroidJUnitRunner
INSTRUMENTATION_STATUS: numtests=19
INSTRUMENTATION_STATUS: stream=
app.reporove.MetadataFeaturesTest:
INSTRUMENTATION_STATUS: test=organizationPinsDiscussionCursorsAndProjectsUseServerData
INSTRUMENTATION_STATUS_CODE: 1
INSTRUMENTATION_STATUS: class=app.reporove.MetadataFeaturesTest
INSTRUMENTATION_STATUS: current=13
INSTRUMENTATION_STATUS: id=AndroidJUnitRunner
INSTRUMENTATION_STATUS: numtests=19
INSTRUMENTATION_STATUS: stream=.
INSTRUMENTATION_STATUS: test=organizationPinsDiscussionCursorsAndProjectsUseServerData
INSTRUMENTATION_STATUS_CODE: 0
INSTRUMENTATION_STATUS: class=app.reporove.RepositoryPolicyTest
INSTRUMENTATION_STATUS: current=14
INSTRUMENTATION_STATUS: id=AndroidJUnitRunner
INSTRUMENTATION_STATUS: numtests=19
INSTRUMENTATION_STATUS: stream=
app.reporove.RepositoryPolicyTest:
INSTRUMENTATION_STATUS: test=credentialsRoundTripEncryptedAndLogoutRemovesPrivateCollections
INSTRUMENTATION_STATUS_CODE: 1
INSTRUMENTATION_STATUS: class=app.reporove.RepositoryPolicyTest
INSTRUMENTATION_STATUS: current=14
INSTRUMENTATION_STATUS: id=AndroidJUnitRunner
INSTRUMENTATION_STATUS: numtests=19
INSTRUMENTATION_STATUS: stream=.
INSTRUMENTATION_STATUS: test=credentialsRoundTripEncryptedAndLogoutRemovesPrivateCollections
INSTRUMENTATION_STATUS_CODE: 0
INSTRUMENTATION_STATUS: class=app.reporove.RepositoryPolicyTest
INSTRUMENTATION_STATUS: current=15
INSTRUMENTATION_STATUS: id=AndroidJUnitRunner
INSTRUMENTATION_STATUS: numtests=19
INSTRUMENTATION_STATUS: stream=
INSTRUMENTATION_STATUS: test=serverFailureMayUseCacheButDeniedPermissionNeverDoes
INSTRUMENTATION_STATUS_CODE: 1
INSTRUMENTATION_STATUS: class=app.reporove.RepositoryPolicyTest
INSTRUMENTATION_STATUS: current=15
INSTRUMENTATION_STATUS: id=AndroidJUnitRunner
INSTRUMENTATION_STATUS: numtests=19
INSTRUMENTATION_STATUS: stream=.
INSTRUMENTATION_STATUS: test=serverFailureMayUseCacheButDeniedPermissionNeverDoes
INSTRUMENTATION_STATUS_CODE: 0
INSTRUMENTATION_STATUS: class=app.reporove.DownloadDeletionTest
INSTRUMENTATION_STATUS: current=16
INSTRUMENTATION_STATUS: id=AndroidJUnitRunner
INSTRUMENTATION_STATUS: numtests=19
INSTRUMENTATION_STATUS: stream=
app.reporove.DownloadDeletionTest:
INSTRUMENTATION_STATUS: test=cancellingActiveDownloadRemovesPartialFileAndHistory
INSTRUMENTATION_STATUS_CODE: 1
INSTRUMENTATION_STATUS: class=app.reporove.DownloadDeletionTest
INSTRUMENTATION_STATUS: current=16
INSTRUMENTATION_STATUS: id=AndroidJUnitRunner
INSTRUMENTATION_STATUS: numtests=19
INSTRUMENTATION_STATUS: stream=.
INSTRUMENTATION_STATUS: test=cancellingActiveDownloadRemovesPartialFileAndHistory
INSTRUMENTATION_STATUS_CODE: 0
INSTRUMENTATION_STATUS: class=app.reporove.DownloadDeletionTest
INSTRUMENTATION_STATUS: current=17
INSTRUMENTATION_STATUS: id=AndroidJUnitRunner
INSTRUMENTATION_STATUS: numtests=19
INSTRUMENTATION_STATUS: stream=
INSTRUMENTATION_STATUS: test=missingSystemRowWithOwnedFileDeletesDiskAndHistory
INSTRUMENTATION_STATUS_CODE: 1
INSTRUMENTATION_STATUS: class=app.reporove.DownloadDeletionTest
INSTRUMENTATION_STATUS: current=17
INSTRUMENTATION_STATUS: id=AndroidJUnitRunner
INSTRUMENTATION_STATUS: numtests=19
INSTRUMENTATION_STATUS: stream=.
INSTRUMENTATION_STATUS: test=missingSystemRowWithOwnedFileDeletesDiskAndHistory
INSTRUMENTATION_STATUS_CODE: 0
INSTRUMENTATION_STATUS: class=app.reporove.DownloadDeletionTest
INSTRUMENTATION_STATUS: current=18
INSTRUMENTATION_STATUS: id=AndroidJUnitRunner
INSTRUMENTATION_STATUS: numtests=19
INSTRUMENTATION_STATUS: stream=
INSTRUMENTATION_STATUS: test=deletedFileCanClearItsRecordWithoutTouchingOthers
INSTRUMENTATION_STATUS_CODE: 1
INSTRUMENTATION_STATUS: class=app.reporove.DownloadDeletionTest
INSTRUMENTATION_STATUS: current=18
INSTRUMENTATION_STATUS: id=AndroidJUnitRunner
INSTRUMENTATION_STATUS: numtests=19
INSTRUMENTATION_STATUS: stream=.
INSTRUMENTATION_STATUS: test=deletedFileCanClearItsRecordWithoutTouchingOthers
INSTRUMENTATION_STATUS_CODE: 0
INSTRUMENTATION_STATUS: class=app.reporove.DownloadDeletionTest
INSTRUMENTATION_STATUS: current=19
INSTRUMENTATION_STATUS: id=AndroidJUnitRunner
INSTRUMENTATION_STATUS: numtests=19
INSTRUMENTATION_STATUS: stream=
INSTRUMENTATION_STATUS: test=missingFileLocationAndInvalidPathKeepHistoryOnFailure
INSTRUMENTATION_STATUS_CODE: 1
INSTRUMENTATION_STATUS: class=app.reporove.DownloadDeletionTest
INSTRUMENTATION_STATUS: current=19
INSTRUMENTATION_STATUS: id=AndroidJUnitRunner
INSTRUMENTATION_STATUS: numtests=19
INSTRUMENTATION_STATUS: stream=.
INSTRUMENTATION_STATUS: test=missingFileLocationAndInvalidPathKeepHistoryOnFailure
INSTRUMENTATION_STATUS_CODE: 0
INSTRUMENTATION_RESULT: stream=

Time: 138.583

OK (19 tests)


INSTRUMENTATION_CODE: -1
