INSTRUMENTATION_STATUS: class=app.reporove.PublicApiSmokeTest
INSTRUMENTATION_STATUS: current=1
INSTRUMENTATION_STATUS: id=AndroidJUnitRunner
INSTRUMENTATION_STATUS: numtests=3
INSTRUMENTATION_STATUS: stream=
app.reporove.PublicApiSmokeTest:
INSTRUMENTATION_STATUS: test=publicReleaseAttachmentDownloadsThroughAndroidService
INSTRUMENTATION_STATUS_CODE: 1
INSTRUMENTATION_STATUS: class=app.reporove.PublicApiSmokeTest
INSTRUMENTATION_STATUS: current=1
INSTRUMENTATION_STATUS: id=AndroidJUnitRunner
INSTRUMENTATION_STATUS: numtests=3
INSTRUMENTATION_STATUS: stream=.
INSTRUMENTATION_STATUS: test=publicReleaseAttachmentDownloadsThroughAndroidService
INSTRUMENTATION_STATUS_CODE: 0
INSTRUMENTATION_STATUS: class=app.reporove.PublicApiSmokeTest
INSTRUMENTATION_STATUS: current=2
INSTRUMENTATION_STATUS: id=AndroidJUnitRunner
INSTRUMENTATION_STATUS: numtests=3
INSTRUMENTATION_STATUS: stream=
INSTRUMENTATION_STATUS: test=coldStartAndPythonRecommendationsUseRealGuardedCandidates
INSTRUMENTATION_STATUS_CODE: 1
INSTRUMENTATION_STATUS: class=app.reporove.PublicApiSmokeTest
INSTRUMENTATION_STATUS: current=2
INSTRUMENTATION_STATUS: id=AndroidJUnitRunner
INSTRUMENTATION_STATUS: numtests=3
INSTRUMENTATION_STATUS: stream=.
INSTRUMENTATION_STATUS: test=coldStartAndPythonRecommendationsUseRealGuardedCandidates
INSTRUMENTATION_STATUS_CODE: 0
INSTRUMENTATION_STATUS: class=app.reporove.PublicApiSmokeTest
INSTRUMENTATION_STATUS: current=3
INSTRUMENTATION_STATUS: id=AndroidJUnitRunner
INSTRUMENTATION_STATUS: numtests=3
INSTRUMENTATION_STATUS: stream=
INSTRUMENTATION_STATUS: test=releaseSourceZipAndTarDownloadValidArchives
INSTRUMENTATION_STATUS_CODE: 1
INSTRUMENTATION_STATUS: class=app.reporove.PublicApiSmokeTest
INSTRUMENTATION_STATUS: current=3
INSTRUMENTATION_STATUS: id=AndroidJUnitRunner
INSTRUMENTATION_STATUS: numtests=3
INSTRUMENTATION_STATUS: stream=.
INSTRUMENTATION_STATUS: test=releaseSourceZipAndTarDownloadValidArchives
INSTRUMENTATION_STATUS_CODE: 0
INSTRUMENTATION_RESULT: stream=

Time: 36.979

OK (3 tests)


INSTRUMENTATION_CODE: -1
